===== push_lookup started 2026-08-18 18:25:59.34 ===== 
--- staging Batch B (final): the 4 files --- 
warning: in the working copy of 'backend/app/domain/rules/registry.py', LF will be replaced by CRLF the next time Git touches it
warning: in the working copy of 'backend/app/transformations/engine.py', LF will be replaced by CRLF the next time Git touches it
warning: in the working copy of 'backend/tests/unit/test_rules.py', LF will be replaced by CRLF the next time Git touches it
warning: in the working copy of 'backend/app/domain/rules/library/lookup_ops.py', LF will be replaced by CRLF the next time Git touches it
--- staged files --- 
 M .gitignore
A  backend/app/domain/rules/library/lookup_ops.py
M  backend/app/domain/rules/registry.py
 M backend/app/main.py
 M backend/app/schemas/mapping.py
 M backend/app/services/catalog_seed_service.py
M  backend/app/transformations/engine.py
 M backend/tests/test_customer_defaults_31jul.py
 M backend/tests/test_latest_decision_wins.py
M  backend/tests/unit/test_rules.py
 M deploy_push.log
 M frontend/src/App.tsx
 M frontend/src/components/ErrorBoundary.tsx
 M frontend/src/pages/ApprovalsPage.tsx
 M frontend/src/pages/ConversionDetailPage.tsx
 M frontend/src/pages/ConversionsPage.tsx
 M frontend/src/pages/OutputPreviewPage.tsx
 M frontend/src/types/index.ts
?? backend/tests/__init__.py
?? backend/tests/characterization/__init__.py
?? backend/tests/unit/__init__.py
?? fix_dateops.bat
?? fix_dateops.log
?? push_dateops.bat
?? push_geo.bat
?? push_geo.log
?? push_lookup.bat
?? push_lookup.log
?? push_stateful.bat
?? push_stateful.log
[main e542830] refactor(rules): migrate index-backed lookup types (Batch B) ΓÇö engine is now pure dispatch
 4 files changed, 289 insertions(+), 186 deletions(-)
 create mode 100644 backend/app/domain/rules/library/lookup_ops.py
--- HEAD after commit --- 
e542830 refactor(rules): migrate index-backed lookup types (Batch B) ΓÇö engine is now pure dispatch
e8841a9 refactor(rules): migrate geo/phone rule types (Batch A) to strategies
55205a1 fix(rules): add missing date_ops module + relocated date helpers (completes date-ops slice)
--- confirm lookup_ops tracked at HEAD --- 
backend/app/domain/rules/library/lookup_ops.py
===== pushing HEAD to origin main ===== 
To https://github.com/SubratoBiswas/trinamix-conversion-workbench.git
   e8841a9..e542830  HEAD -> main
EXITCODE=0 
===== done ===== 
