===== push_phase1_lockin started 2026-08-18 19:30:14.96 ===== 
--- staging: in-repo domain map, 2 test fixes, as-built doc --- 
fatal: Unable to create 'C:/Users/SubratoBiswas/trinamix-conversion-workbench/.git/index.lock': File exists.

Another git process seems to be running in this repository, or the lock file may be stale
--- staged files --- 
 M .gitignore
 M backend/app/main.py
 M backend/app/schemas/mapping.py
 M backend/app/services/catalog_seed_service.py
 M backend/tests/test_boolean_conditions.py
 M backend/tests/test_customer_defaults_31jul.py
 M backend/tests/test_format_date_rule.py
 M backend/tests/test_latest_decision_wins.py
 M deploy_push.log
 M frontend/src/App.tsx
 M frontend/src/components/ErrorBoundary.tsx
 M frontend/src/pages/ApprovalsPage.tsx
 M frontend/src/pages/ConversionDetailPage.tsx
 M frontend/src/pages/ConversionsPage.tsx
 M frontend/src/pages/OutputPreviewPage.tsx
 M frontend/src/types/index.ts
?? backend/app/domain/README.md
?? backend/tests/__init__.py
?? backend/tests/characterization/__init__.py
?? backend/tests/unit/__init__.py
?? docs/Trinamix_Architecture_AsBuilt_Phase1.md
?? fix_dateops.bat
?? fix_dateops.log
?? push_dateops.bat
?? push_geo.bat
?? push_geo.log
?? push_lookup.bat
?? push_lookup.log
?? push_phase1_lockin.bat
?? push_phase1_lockin.log
?? push_stateful.bat
?? push_stateful.log
fatal: Unable to create 'C:/Users/SubratoBiswas/trinamix-conversion-workbench/.git/index.lock': File exists.

Another git process seems to be running in this repository, or the lock file may be stale
--- HEAD after commit --- 
e542830 refactor(rules): migrate index-backed lookup types (Batch B) ΓÇö engine is now pure dispatch
e8841a9 refactor(rules): migrate geo/phone rule types (Batch A) to strategies
===== pushing HEAD to origin main ===== 
Everything up-to-date
EXITCODE=0 
===== done ===== 
