===== push_p2s4 started 2026-08-19 17:11:07.17 ===== 
--- staging ALL of backend/app + backend/tests (partial-proof) --- 
warning: in the working copy of 'backend/app/services/output_service.py', LF will be replaced by CRLF the next time Git touches it
warning: in the working copy of 'backend/app/domain/rules/row.py', LF will be replaced by CRLF the next time Git touches it
warning: in the working copy of 'backend/tests/unit/test_row.py', LF will be replaced by CRLF the next time Git touches it
--- staged files --- 
 M .gitignore
A  backend/app/domain/rules/row.py
M  backend/app/services/output_service.py
A  backend/tests/unit/test_row.py
 M deploy_push.log
 M frontend/src/App.tsx
 M frontend/src/components/ErrorBoundary.tsx
 M frontend/src/pages/ApprovalsPage.tsx
 M frontend/src/pages/ConversionDetailPage.tsx
 M frontend/src/pages/ConversionsPage.tsx
 M frontend/src/pages/OutputPreviewPage.tsx
 M frontend/src/types/index.ts
?? fix_dateops.bat
?? fix_dateops.log
?? fix_lock_and_push_lockin.bat
?? fix_lock_and_push_lockin.log
?? fix_p2s2.bat
?? fix_p2s2.log
?? push_dateops.bat
?? push_geo.bat
?? push_geo.log
?? push_lookup.bat
?? push_lookup.log
?? push_p2s1.bat
?? push_p2s1.log
?? push_p2s2.bat
?? push_p2s3.bat
?? push_p2s3.log
?? push_p2s4.bat
?? push_p2s4.log
?? push_phase1_lockin.bat
?? push_phase1_lockin.log
?? push_stateful.bat
?? push_stateful.log
[main a5a64b6] refactor(services): extract per-row context to app/domain/rules/row.py (Phase 2, slice 4)
 3 files changed, 137 insertions(+), 81 deletions(-)
 create mode 100644 backend/app/domain/rules/row.py
 create mode 100644 backend/tests/unit/test_row.py
EXIT_COMMIT=0 
--- HEAD after commit --- 
a5a64b6 refactor(services): extract per-row context to app/domain/rules/row.py (Phase 2, slice 4)
879ed70 refactor(services): extract frame-formatting cluster to app/domain/frames.py (Phase 2, slice 3)
--- confirm row.py tracked at HEAD --- 
backend/app/domain/rules/row.py
===== pushing HEAD to origin main ===== 
To https://github.com/SubratoBiswas/trinamix-conversion-workbench.git
   879ed70..a5a64b6  HEAD -> main
EXIT_PUSH=0 
===== done ===== 
